
**** Build of configuration Debug for project Clock ****

make all 
Building file: ../src/clock.c
Invoking: MicroBlaze gcc compiler
mb-gcc -Wall -O0 -g3 -c -fmessage-length=0 -I../../hello_world_bsp_0/microblaze_0/include -mlittle-endian -mxl-barrel-shift -mxl-pattern-compare -mcpu=v8.20.b -mno-xl-soft-mul -MMD -MP -MF"src/clock.d" -MT"src/clock.d" -o"src/clock.o" "../src/clock.c"
Finished building: ../src/clock.c
' '
Building target: Clock.elf
Invoking: MicroBlaze gcc linker
mb-gcc -Wl,-T -Wl,../src/lscript.ld -L../../hello_world_bsp_0/microblaze_0/lib -mlittle-endian -mxl-barrel-shift -mxl-pattern-compare -mcpu=v8.20.b -mno-xl-soft-mul -o"Clock.elf"  ./src/clock.o ./src/platform.o   -Wl,--start-group,-lxil,-lgcc,-lc,--end-group
Finished building target: Clock.elf
' '
Invoking: MicroBlaze Print Size
mb-size Clock.elf  |tee "Clock.elf.size"
   text	   data	    bss	    dec	    hex	filename
   8810	    392	   2150	  11352	   2c58	Clock.elf
Finished building: Clock.elf.size
' '
Invoking: Xilinx ELF Check
elfcheck Clock.elf -hw ../../Lab2_hw_platform/system.xml -pe microblaze_0  |tee "Clock.elf.elfcheck"
elfcheck
Xilinx EDK 13.4 Build EDK_O.87xd
Copyright (c) 1995-2011 Xilinx, Inc.  All rights reserved.

Command Line: elfcheck -hw ../../Lab2_hw_platform/system.xml -pe microblaze_0
Clock.elf 

ELF file	: Clock.elf
elfcheck passed.
Finished building: Clock.elf.elfcheck
' '
